
Memory Configuration

Name             Origin             Length             Attributes
flash            0x00000000         0x20000000         xr
sram             0x20000000         0x20000000         xrw
*default*        0x00000000         0xffffffff

Linker script and memory map


.text           0x00000000      0x15c
 *(.vectors*)
 .vectors       0x00000000       0x1c startup.o
                0x00000000                gPtr_fn_Vectors
 *(.text*)
 .text          0x0000001c       0xb0 lab3_cortexM4.o
                0x0000001c                main
 .text          0x000000cc       0x90 startup.o
                0x000000cc                Bus_fault
                0x000000cc                MM_fault_Handler
                0x000000cc                Usage_fault_Handler
                0x000000cc                H_fault_Handler
                0x000000cc                Default_Handler
                0x000000cc                NMI_Handler
                0x000000d8                Reset_Handler
 *(.rodata)
                0x0000015c                _E_TEXT = .

.glue_7         0x0000015c        0x0
 .glue_7        0x0000015c        0x0 linker stubs

.glue_7t        0x0000015c        0x0
 .glue_7t       0x0000015c        0x0 linker stubs

.vfp11_veneer   0x0000015c        0x0
 .vfp11_veneer  0x0000015c        0x0 linker stubs

.v4_bx          0x0000015c        0x0
 .v4_bx         0x0000015c        0x0 linker stubs

.iplt           0x0000015c        0x0
 .iplt          0x0000015c        0x0 lab3_cortexM4.o

.rel.dyn        0x0000015c        0x0
 .rel.iplt      0x0000015c        0x0 lab3_cortexM4.o

.data           0x20000000        0x0 load address 0x0000015c
                0x20000000                _S_DATA = .
 *(.data)
 .data          0x20000000        0x0 lab3_cortexM4.o
 .data          0x20000000        0x0 startup.o
                0x20000000                _E_DATA = .

.igot.plt       0x20000000        0x0 load address 0x0000015c
 .igot.plt      0x20000000        0x0 lab3_cortexM4.o

.bss            0x20000000      0x400 load address 0x0000015c
                0x20000000                _S_BSS = .
 *(.bss)
 .bss           0x20000000        0x0 lab3_cortexM4.o
 .bss           0x20000000      0x400 startup.o
                0x20000400                _E_BSS = .
LOAD lab3_cortexM4.o
LOAD startup.o
OUTPUT(lab3_CortexM4.elf elf32-littlearm)

.debug_info     0x00000000      0x21e
 .debug_info    0x00000000       0x96 lab3_cortexM4.o
 .debug_info    0x00000096      0x188 startup.o

.debug_abbrev   0x00000000      0x138
 .debug_abbrev  0x00000000       0x65 lab3_cortexM4.o
 .debug_abbrev  0x00000065       0xd3 startup.o

.debug_loc      0x00000000       0xb4
 .debug_loc     0x00000000       0x38 lab3_cortexM4.o
 .debug_loc     0x00000038       0x7c startup.o

.debug_aranges  0x00000000       0x40
 .debug_aranges
                0x00000000       0x20 lab3_cortexM4.o
 .debug_aranges
                0x00000020       0x20 startup.o

.debug_line     0x00000000      0x10b
 .debug_line    0x00000000       0x8e lab3_cortexM4.o
 .debug_line    0x0000008e       0x7d startup.o

.debug_str      0x00000000      0x1a3
 .debug_str     0x00000000      0x113 lab3_cortexM4.o
                                0x12c (size before relaxing)
 .debug_str     0x00000113       0x90 startup.o
                                0x19c (size before relaxing)

.comment        0x00000000       0x7e
 .comment       0x00000000       0x7e lab3_cortexM4.o
                                 0x7f (size before relaxing)
 .comment       0x0000007e       0x7f startup.o

.ARM.attributes
                0x00000000       0x33
 .ARM.attributes
                0x00000000       0x33 lab3_cortexM4.o
 .ARM.attributes
                0x00000033       0x33 startup.o

.debug_frame    0x00000000       0x7c
 .debug_frame   0x00000000       0x2c lab3_cortexM4.o
 .debug_frame   0x0000002c       0x50 startup.o
