
Allocating common symbols
Common symbol       size              file

SA_state            0x1               system_algorithm.o
AA_state            0x1               AlarmActuator.o
p2AA_state          0x4               AlarmActuator.o
p2PS_state          0x4               PressureSensor.o
MA_state            0x1               monitor_alarm.o
p2SA_state          0x4               system_algorithm.o
PS_state            0x1               PressureSensor.o
p2MA_state          0x4               monitor_alarm.o

Memory Configuration

Name             Origin             Length             Attributes
FLASH            0x08000000         0x00008000         xrw
SRAM             0x20000000         0x00002800         rw
*default*        0x00000000         0xffffffff

Linker script and memory map

                0x20002800                _stack_top = (ORIGIN (SRAM) + LENGTH (SRAM))
                0x20000000                _sSRAM = ORIGIN (SRAM)
                0x08000000                . = 0x8000000

.text           0x08000000      0x54c
 *(.vectors)
 .vectors       0x08000000      0x130 startup.o
 *(.text)
 .text          0x08000130       0xd0 AlarmActuator.o
                0x08000130                AA_start_alarm
                0x0800014c                AA_stop_alarm
                0x08000168                AA_Init
                0x0800018c                AA_Waiting_STATE
                0x080001b0                AA_AlarmOff_STATE
                0x080001d8                AA_AlarmOn_STATE
 .text          0x08000200       0xc4 driver.o
                0x08000200                Delay
                0x08000220                getPressureVal
                0x08000238                Set_Alarm_actuator
                0x08000274                GPIO_INITIALIZATION
 .text          0x080002c4       0x50 main.o
                0x080002c4                setup
                0x080002e0                main
 .text          0x08000314       0xb8 monitor_alarm.o
                0x08000314                MA_high_pressure
                0x08000330                MA_Init
                0x08000354                TurnOff_STATE
                0x08000378                TurnOn_STATE
                0x0800039c                Waiting_STATE
 .text          0x080003cc       0x84 PressureSensor.o
                0x080003cc                PS_Init
                0x080003f0                PS_Reading_STATE
                0x08000424                PS_Waiting_STATE
 .text          0x08000450       0xac system_algorithm.o
                0x08000450                PS_set_pressure_value
                0x0800047c                SA_Init
                0x080004a0                SA_Waiting_STATE
                0x080004c4                SA_Check_STATE
 .text          0x080004fc       0x50 startup.o
                0x080004fc                _reset
                0x0800050a                _init
                0x0800052e                HardFault_Handler
                0x0800052e                SysTick_Handler
                0x0800052e                USART3_Handler
                0x0800052e                DMA1_Channel7_Handler
                0x0800052e                PendSV_Handler
                0x0800052e                NMI_Handler
                0x0800052e                DMA1_Channel6_Handler
                0x0800052e                EXTI15_10_Handler
                0x0800052e                USBWakeup_Handler
                0x0800052e                DMA2_Channel1_Handler
                0x0800052e                I2C1_EV_Handler
                0x0800052e                ADC1_2_Handler
                0x0800052e                SVCall_Handler
                0x0800052e                EXTI4_Handler
                0x0800052e                DMA1_Channel1_Handler
                0x0800052e                I2C1_ER_Handler
                0x0800052e                RTC_Handler
                0x0800052e                UsageFault_Handler
                0x0800052e                TIM1_CC_Handler
                0x0800052e                I2C2_ER_Handler
                0x0800052e                TIM8_CC_Handler
                0x0800052e                TIM8_BRK_Handler
                0x0800052e                USB_HP_CAN_TX_Handler
                0x0800052e                CAN_RX1_Handler
                0x0800052e                TIM1_BRK_Handler
                0x0800052e                WWDG_Handler
                0x0800052e                FSMC_Handler
                0x0800052e                EXTI1_Handler
                0x0800052e                TIM8_TRG_COM_Handler
                0x0800052e                EXTI3_Handler
                0x0800052e                USB_LP_CAN_RX0_Handler
                0x0800052e                EXTI2_Handler
                0x0800052e                UART4_Handler
                0x0800052e                EXTI9_5_Handler
                0x0800052e                TIM2_Handler
                0x0800052e                USART1_Handler
                0x0800052e                DMA1_Channel4_Handler
                0x0800052e                TIM3_Handler
                0x0800052e                CAN_SCE_Handler
                0x0800052e                Default_Handler
                0x0800052e                DMA1_Channel3_Handler
                0x0800052e                TIM4_Handler
                0x0800052e                SPI2_Handler
                0x0800052e                DMA1_Channel2_Handler
                0x0800052e                MemManage_Handler
                0x0800052e                EXTI0_Handler
                0x0800052e                TIM1_UP_Handler
                0x0800052e                SDIO_Handler
                0x0800052e                TIM8_UP_Handler
                0x0800052e                DMA1_Channel5_Handler
                0x0800052e                USART2_Handler
                0x0800052e                DMA2_Channel4_5_Handler
                0x0800052e                SPI1_Handler
                0x0800052e                ADC3_Handler
                0x0800052e                I2C2_EV_Handler
                0x0800052e                SPI3_Handler
                0x0800052e                DMA2_Channel3_Handler
                0x0800052e                RCC_Handler
                0x0800052e                PVD_Handler
                0x0800052e                UART5_Handler
                0x0800052e                FLASH_Handler
                0x0800052e                DMA2_Channel2_Handler
                0x0800052e                TIM5_Handler
                0x0800052e                TIM7_Handler
                0x0800052e                BusFault_Handler
                0x0800052e                TIM6_Handler
                0x0800052e                RTCAlarm_Handler
                0x0800052e                DebugMonitor_Handler
                0x0800052e                TIM1_TRG_COM_Handler
                0x0800052e                TAMPER_Handler
 *(.rodata)
                0x0800054c                _eText = .

.glue_7         0x0800054c        0x0
 .glue_7        0x0800054c        0x0 linker stubs

.glue_7t        0x0800054c        0x0
 .glue_7t       0x0800054c        0x0 linker stubs

.vfp11_veneer   0x0800054c        0x0
 .vfp11_veneer  0x0800054c        0x0 linker stubs

.v4_bx          0x0800054c        0x0
 .v4_bx         0x0800054c        0x0 linker stubs

.iplt           0x0800054c        0x0
 .iplt          0x0800054c        0x0 AlarmActuator.o

.rel.dyn        0x0800054c        0x0
 .rel.iplt      0x0800054c        0x0 AlarmActuator.o

.data           0x20000000        0x8 load address 0x0800054c
                0x20000000                _sData = .
 *(.data)
 .data          0x20000000        0x0 AlarmActuator.o
 .data          0x20000000        0x0 driver.o
 .data          0x20000000        0x0 main.o
 .data          0x20000000        0x4 monitor_alarm.o
 .data          0x20000004        0x0 PressureSensor.o
 .data          0x20000004        0x4 system_algorithm.o
 .data          0x20000008        0x0 startup.o
                0x20000008                . = ALIGN (0x4)
                0x20000008                _eData = .

.igot.plt       0x20000008        0x0 load address 0x08000554
 .igot.plt      0x20000008        0x0 AlarmActuator.o

.bss            0x20000008       0x28 load address 0x08000554
                0x20000008                _sBSS = .
 *(.bss)
 .bss           0x20000008        0x0 AlarmActuator.o
 .bss           0x20000008        0x0 driver.o
 .bss           0x20000008        0x0 main.o
 .bss           0x20000008        0x0 monitor_alarm.o
 .bss           0x20000008        0x4 PressureSensor.o
 .bss           0x2000000c        0x4 system_algorithm.o
 .bss           0x20000010        0x0 startup.o
                0x20000010                . = ALIGN (0x4)
                0x20000010                _eBSS = .
 COMMON         0x20000010        0x8 AlarmActuator.o
                0x20000010                AA_state
                0x20000014                p2AA_state
 COMMON         0x20000018        0x8 monitor_alarm.o
                0x20000018                MA_state
                0x2000001c                p2MA_state
 COMMON         0x20000020        0x5 PressureSensor.o
                0x20000020                p2PS_state
                0x20000024                PS_state
 *fill*         0x20000025        0x3 
 COMMON         0x20000028        0x8 system_algorithm.o
                0x20000028                SA_state
                0x2000002c                p2SA_state
LOAD AlarmActuator.o
LOAD driver.o
LOAD main.o
LOAD monitor_alarm.o
LOAD PressureSensor.o
LOAD system_algorithm.o
LOAD startup.o
OUTPUT(PressureDetectionProject.elf elf32-littlearm)

.debug_info     0x00000000      0xfc2
 .debug_info    0x00000000      0x13f AlarmActuator.o
 .debug_info    0x0000013f      0xa05 driver.o
 .debug_info    0x00000b44       0xc9 main.o
 .debug_info    0x00000c0d      0x13b monitor_alarm.o
 .debug_info    0x00000d48      0x10a PressureSensor.o
 .debug_info    0x00000e52      0x14a system_algorithm.o
 .debug_info    0x00000f9c       0x26 startup.o

.debug_abbrev   0x00000000      0x5ef
 .debug_abbrev  0x00000000       0xd6 AlarmActuator.o
 .debug_abbrev  0x000000d6      0x1de driver.o
 .debug_abbrev  0x000002b4       0x7b main.o
 .debug_abbrev  0x0000032f       0xe5 monitor_alarm.o
 .debug_abbrev  0x00000414       0xcf PressureSensor.o
 .debug_abbrev  0x000004e3       0xf8 system_algorithm.o
 .debug_abbrev  0x000005db       0x14 startup.o

.debug_loc      0x00000000      0x5b8
 .debug_loc     0x00000000      0x168 AlarmActuator.o
 .debug_loc     0x00000168      0x140 driver.o
 .debug_loc     0x000002a8       0x58 main.o
 .debug_loc     0x00000300      0x10c monitor_alarm.o
 .debug_loc     0x0000040c       0x9c PressureSensor.o
 .debug_loc     0x000004a8      0x110 system_algorithm.o

.debug_aranges  0x00000000       0xe0
 .debug_aranges
                0x00000000       0x20 AlarmActuator.o
 .debug_aranges
                0x00000020       0x20 driver.o
 .debug_aranges
                0x00000040       0x20 main.o
 .debug_aranges
                0x00000060       0x20 monitor_alarm.o
 .debug_aranges
                0x00000080       0x20 PressureSensor.o
 .debug_aranges
                0x000000a0       0x20 system_algorithm.o
 .debug_aranges
                0x000000c0       0x20 startup.o

.debug_line     0x00000000      0x451
 .debug_line    0x00000000       0x69 AlarmActuator.o
 .debug_line    0x00000069      0x1b9 driver.o
 .debug_line    0x00000222       0xa7 main.o
 .debug_line    0x000002c9       0x67 monitor_alarm.o
 .debug_line    0x00000330       0x62 PressureSensor.o
 .debug_line    0x00000392       0x69 system_algorithm.o
 .debug_line    0x000003fb       0x56 startup.o

.debug_str      0x00000000      0x7a3
 .debug_str     0x00000000      0x1ad AlarmActuator.o
                                0x1d6 (size before relaxing)
 .debug_str     0x000001ad      0x445 driver.o
                                0x5ab (size before relaxing)
 .debug_str     0x000005f2       0x33 main.o
                                0x169 (size before relaxing)
 .debug_str     0x00000625       0x6b monitor_alarm.o
                                0x1c0 (size before relaxing)
 .debug_str     0x00000690       0x69 PressureSensor.o
                                0x1a8 (size before relaxing)
 .debug_str     0x000006f9       0x91 system_algorithm.o
                                0x1d0 (size before relaxing)
 .debug_str     0x0000078a       0x19 startup.o
                                 0x85 (size before relaxing)

.comment        0x00000000       0x7e
 .comment       0x00000000       0x7e AlarmActuator.o
                                 0x7f (size before relaxing)
 .comment       0x0000007e       0x7f driver.o
 .comment       0x0000007e       0x7f main.o
 .comment       0x0000007e       0x7f monitor_alarm.o
 .comment       0x0000007e       0x7f PressureSensor.o
 .comment       0x0000007e       0x7f system_algorithm.o

.ARM.attributes
                0x00000000       0x31
 .ARM.attributes
                0x00000000       0x33 AlarmActuator.o
 .ARM.attributes
                0x00000033       0x33 driver.o
 .ARM.attributes
                0x00000066       0x33 main.o
 .ARM.attributes
                0x00000099       0x33 monitor_alarm.o
 .ARM.attributes
                0x000000cc       0x33 PressureSensor.o
 .ARM.attributes
                0x000000ff       0x33 system_algorithm.o
 .ARM.attributes
                0x00000132       0x21 startup.o

.debug_frame    0x00000000      0x350
 .debug_frame   0x00000000       0xc8 AlarmActuator.o
 .debug_frame   0x000000c8       0xa0 driver.o
 .debug_frame   0x00000168       0x48 main.o
 .debug_frame   0x000001b0       0xa4 monitor_alarm.o
 .debug_frame   0x00000254       0x68 PressureSensor.o
 .debug_frame   0x000002bc       0x94 system_algorithm.o
