
Memory Configuration

Name             Origin             Length             Attributes
flash            0x08000000         0x00020000         xr
sram             0x20000000         0x00005000         xrw
*default*        0x00000000         0xffffffff

Linker script and memory map


.text           0x08000000       0xd4
 *(.vectors*)
 .vectors       0x08000000       0x44 startup.o
 *(.text)
 .text          0x08000044       0x88 lesson3_lab1.o
                0x08000044                main
 .text          0x080000cc        0x8 startup.o
 *(.rodata)

.glue_7         0x080000d4        0x0
 .glue_7        0x080000d4        0x0 linker stubs

.glue_7t        0x080000d4        0x0
 .glue_7t       0x080000d4        0x0 linker stubs

.vfp11_veneer   0x080000d4        0x0
 .vfp11_veneer  0x080000d4        0x0 linker stubs

.v4_bx          0x080000d4        0x0
 .v4_bx         0x080000d4        0x0 linker stubs

.iplt           0x080000d4        0x0
 .iplt          0x080000d4        0x0 lesson3_lab1.o

.rel.dyn        0x080000d4        0x0
 .rel.iplt      0x080000d4        0x0 lesson3_lab1.o

.data           0x080000d4        0x0
 *(.data)
 .data          0x080000d4        0x0 lesson3_lab1.o
 .data          0x080000d4        0x0 startup.o

.igot.plt       0x080000d4        0x0
 .igot.plt      0x080000d4        0x0 lesson3_lab1.o

.bss            0x20000000        0x0
 *(.bss)
 .bss           0x20000000        0x0 lesson3_lab1.o
 .bss           0x20000000        0x0 startup.o
LOAD lesson3_lab1.o
LOAD startup.o
OUTPUT(lesson3_lab1.elf elf32-littlearm)

.debug_info     0x00000000       0xb6
 .debug_info    0x00000000       0x90 lesson3_lab1.o
 .debug_info    0x00000090       0x26 startup.o

.debug_abbrev   0x00000000       0x74
 .debug_abbrev  0x00000000       0x60 lesson3_lab1.o
 .debug_abbrev  0x00000060       0x14 startup.o

.debug_loc      0x00000000       0x38
 .debug_loc     0x00000000       0x38 lesson3_lab1.o

.debug_aranges  0x00000000       0x40
 .debug_aranges
                0x00000000       0x20 lesson3_lab1.o
 .debug_aranges
                0x00000020       0x20 startup.o

.debug_line     0x00000000       0xae
 .debug_line    0x00000000       0x73 lesson3_lab1.o
 .debug_line    0x00000073       0x3b startup.o

.debug_str      0x00000000      0x174
 .debug_str     0x00000000      0x10f lesson3_lab1.o
                                0x128 (size before relaxing)
 .debug_str     0x0000010f       0x65 startup.o

.comment        0x00000000       0x7e
 .comment       0x00000000       0x7e lesson3_lab1.o
                                 0x7f (size before relaxing)

.ARM.attributes
                0x00000000       0x31
 .ARM.attributes
                0x00000000       0x33 lesson3_lab1.o
 .ARM.attributes
                0x00000033       0x21 startup.o

.debug_frame    0x00000000       0x2c
 .debug_frame   0x00000000       0x2c lesson3_lab1.o
