
Allocating common symbols
Common symbol       size              file

g                   0x4               Lab2_toggleLed.o

Memory Configuration

Name             Origin             Length             Attributes
flash            0x08000000         0x00020000         xr
sram             0x20000000         0x00005000         xrw
*default*        0x00000000         0xffffffff

Linker script and memory map


.text           0x08000000      0x144
 *(.vectors*)
 .vectors       0x08000000       0x1c startup.o
                0x08000000                vectors
 *(.text)
 .text          0x0800001c       0x94 Lab2_toggleLed.o
                0x0800001c                NMI_handler
                0x08000028                HardFault_handler
                0x08000034                main
 .text          0x080000b0       0x90 startup.o
                0x080000b0                default_handler
                0x080000b0                UsageFault_handler
                0x080000b0                MMFault_handler
                0x080000b0                BusFault_handler
                0x080000bc                reset_handler
 *(.rodata)
 .rodata        0x08000140        0x1 Lab2_toggleLed.o
                0x08000140                MyHeight
                0x08000144                . = ALIGN (0x4)
 *fill*         0x08000141        0x3 
                0x08000144                _E_TEXT = .

.glue_7         0x08000144        0x0
 .glue_7        0x08000144        0x0 linker stubs

.glue_7t        0x08000144        0x0
 .glue_7t       0x08000144        0x0 linker stubs

.vfp11_veneer   0x08000144        0x0
 .vfp11_veneer  0x08000144        0x0 linker stubs

.v4_bx          0x08000144        0x0
 .v4_bx         0x08000144        0x0 linker stubs

.iplt           0x08000144        0x0
 .iplt          0x08000144        0x0 Lab2_toggleLed.o

.rel.dyn        0x08000144        0x0
 .rel.iplt      0x08000144        0x0 Lab2_toggleLed.o

.data           0x20000000       0x24 load address 0x08000144
                0x20000000                _S_DATA = .
 *(.data)
 .data          0x20000000       0x21 Lab2_toggleLed.o
                0x20000000                ORD_Reg
                0x20000004                MyName
 .data          0x20000021        0x0 startup.o
                0x20000024                . = ALIGN (0x4)
 *fill*         0x20000021        0x3 
                0x20000024                _E_DATA = .

.igot.plt       0x20000024        0x0 load address 0x08000168
 .igot.plt      0x20000024        0x0 Lab2_toggleLed.o

.bss            0x20000024        0x4 load address 0x08000168
                0x20000024                _S_BSS = .
 *(.bss)
 .bss           0x20000024        0x0 Lab2_toggleLed.o
 .bss           0x20000024        0x0 startup.o
                0x20000024                _E_BSS = .
 COMMON         0x20000024        0x4 Lab2_toggleLed.o
                0x20000024                g
                0x20000028                . = ALIGN (0x4)
                0x20001028                . = (. + 0x1000)
                0x20001028                _stackTop_ = .
LOAD Lab2_toggleLed.o
LOAD startup.o
OUTPUT(lab2_toggle_led.elf elf32-littlearm)

.debug_info     0x00000000      0x2ea
 .debug_info    0x00000000      0x18b Lab2_toggleLed.o
 .debug_info    0x0000018b      0x15f startup.o

.debug_abbrev   0x00000000      0x1c5
 .debug_abbrev  0x00000000      0x101 Lab2_toggleLed.o
 .debug_abbrev  0x00000101       0xc4 startup.o

.debug_loc      0x00000000      0x13c
 .debug_loc     0x00000000       0xc0 Lab2_toggleLed.o
 .debug_loc     0x000000c0       0x7c startup.o

.debug_aranges  0x00000000       0x40
 .debug_aranges
                0x00000000       0x20 Lab2_toggleLed.o
 .debug_aranges
                0x00000020       0x20 startup.o

.debug_line     0x00000000       0xf5
 .debug_line    0x00000000       0x78 Lab2_toggleLed.o
 .debug_line    0x00000078       0x7d startup.o

.debug_str      0x00000000      0x1fb
 .debug_str     0x00000000      0x179 Lab2_toggleLed.o
                                0x197 (size before relaxing)
 .debug_str     0x00000179       0x82 startup.o
                                0x1a1 (size before relaxing)

.comment        0x00000000       0x7e
 .comment       0x00000000       0x7e Lab2_toggleLed.o
                                 0x7f (size before relaxing)
 .comment       0x0000007e       0x7f startup.o

.ARM.attributes
                0x00000000       0x33
 .ARM.attributes
                0x00000000       0x33 Lab2_toggleLed.o
 .ARM.attributes
                0x00000033       0x33 startup.o

.debug_frame    0x00000000       0xbc
 .debug_frame   0x00000000       0x6c Lab2_toggleLed.o
 .debug_frame   0x0000006c       0x50 startup.o
