
Memory Configuration

Name             Origin             Length             Attributes
flash            0x08000000         0x00020000         xr
sram             0x20000000         0x00005000         xrw
*default*        0x00000000         0xffffffff

Linker script and memory map


.text           0x08000000      0x148
 *(.vectors*)
 .vectors       0x08000000       0x44 startup.o
 *(.text)
 .text          0x08000044       0xfc lesson3_lab2_part2.o
                0x08000044                clock_init
                0x080000c4                main
 .text          0x08000140        0x8 startup.o
 *(.rodata)

.glue_7         0x08000148        0x0
 .glue_7        0x08000148        0x0 linker stubs

.glue_7t        0x08000148        0x0
 .glue_7t       0x08000148        0x0 linker stubs

.vfp11_veneer   0x08000148        0x0
 .vfp11_veneer  0x08000148        0x0 linker stubs

.v4_bx          0x08000148        0x0
 .v4_bx         0x08000148        0x0 linker stubs

.iplt           0x08000148        0x0
 .iplt          0x08000148        0x0 lesson3_lab2_part2.o

.rel.dyn        0x08000148        0x0
 .rel.iplt      0x08000148        0x0 lesson3_lab2_part2.o

.data           0x08000148        0x4
 *(.data)
 .data          0x08000148        0x4 lesson3_lab2_part2.o
                0x08000148                CFGR
 .data          0x0800014c        0x0 startup.o

.igot.plt       0x0800014c        0x0
 .igot.plt      0x0800014c        0x0 lesson3_lab2_part2.o

.bss            0x20000000        0x0
 *(.bss)
 .bss           0x20000000        0x0 lesson3_lab2_part2.o
 .bss           0x20000000        0x0 startup.o
LOAD lesson3_lab2_part2.o
LOAD startup.o
OUTPUT(lesson3_lab2_part2.elf elf32-littlearm)

.debug_info     0x00000000      0x1fc
 .debug_info    0x00000000      0x1d6 lesson3_lab2_part2.o
 .debug_info    0x000001d6       0x26 startup.o

.debug_abbrev   0x00000000      0x100
 .debug_abbrev  0x00000000       0xec lesson3_lab2_part2.o
 .debug_abbrev  0x000000ec       0x14 startup.o

.debug_loc      0x00000000       0x7c
 .debug_loc     0x00000000       0x7c lesson3_lab2_part2.o

.debug_aranges  0x00000000       0x40
 .debug_aranges
                0x00000000       0x20 lesson3_lab2_part2.o
 .debug_aranges
                0x00000020       0x20 startup.o

.debug_line     0x00000000       0xbe
 .debug_line    0x00000000       0x83 lesson3_lab2_part2.o
 .debug_line    0x00000083       0x3b startup.o

.debug_str      0x00000000      0x1a0
 .debug_str     0x00000000      0x187 lesson3_lab2_part2.o
                                0x1ae (size before relaxing)
 .debug_str     0x00000187       0x19 startup.o
                                 0x71 (size before relaxing)

.comment        0x00000000       0x7e
 .comment       0x00000000       0x7e lesson3_lab2_part2.o
                                 0x7f (size before relaxing)

.ARM.attributes
                0x00000000       0x31
 .ARM.attributes
                0x00000000       0x33 lesson3_lab2_part2.o
 .ARM.attributes
                0x00000033       0x21 startup.o

.debug_frame    0x00000000       0x50
 .debug_frame   0x00000000       0x50 lesson3_lab2_part2.o
