
Memory Configuration

Name             Origin             Length             Attributes
mem              0x00000000         0x04000000         xrw
*default*        0x00000000         0xffffffff

Linker script and memory map

                0x00010000                . = 0x10000

.startup        0x00010000       0x10
 startup.o(.text)
 .text          0x00010000       0x10 startup.o
                0x00010000                reset

.text           0x00010010       0x70
 *(.text)
 .text          0x00010010       0x54 UART0.o
                0x00010010                UART0_Tx
 .text          0x00010064       0x1c app.o
                0x00010064                main
 *(.rodata)

.glue_7         0x00010080        0x0
 .glue_7        0x00010080        0x0 linker stubs

.glue_7t        0x00010080        0x0
 .glue_7t       0x00010080        0x0 linker stubs

.vfp11_veneer   0x00010080        0x0
 .vfp11_veneer  0x00010080        0x0 linker stubs

.v4_bx          0x00010080        0x0
 .v4_bx         0x00010080        0x0 linker stubs

.iplt           0x00010080        0x0
 .iplt          0x00010080        0x0 startup.o

.rel.dyn        0x00010080        0x0
 .rel.iplt      0x00010080        0x0 startup.o

.data           0x00010080       0x64
 *(.data)
 .data          0x00010080        0x0 startup.o
 .data          0x00010080        0x0 UART0.o
 .data          0x00010080       0x64 app.o
                0x00010080                buffer1

.igot.plt       0x000100e4        0x0
 .igot.plt      0x000100e4        0x0 startup.o

.bss            0x000100e4        0x0
 *(.bss)
 .bss           0x000100e4        0x0 startup.o
 .bss           0x000100e4        0x0 UART0.o
 .bss           0x000100e4        0x0 app.o

.ARM.attributes
                0x00000000       0x2e
 .ARM.attributes
                0x00000000       0x22 startup.o
 .ARM.attributes
                0x00000022       0x32 UART0.o
 .ARM.attributes
                0x00000054       0x32 app.o

.comment        0x00000000       0x7e
 .comment       0x00000000       0x7e UART0.o
                                 0x7f (size before relaxing)
 .comment       0x0000007e       0x7f app.o

.debug          0x00010000      0x51c
 *(.debug*)
 .debug_line    0x00010000       0x3a startup.o
 .debug_info    0x0001003a       0x26 startup.o
 .debug_abbrev  0x00010060       0x14 startup.o
 *fill*         0x00010074        0x4 
 .debug_aranges
                0x00010078       0x20 startup.o
 .debug_str     0x00010098       0x5f startup.o
 .debug_info    0x000100f7       0xa3 UART0.o
 .debug_abbrev  0x0001019a       0x70 UART0.o
 .debug_aranges
                0x0001020a       0x20 UART0.o
 .debug_line    0x0001022a       0x4e UART0.o
 .debug_str     0x00010278       0xba UART0.o
                                0x119 (size before relaxing)
 *fill*         0x00010332        0x2 
 .debug_frame   0x00010334       0x30 UART0.o
 .debug_info    0x00010364       0x9b app.o
 .debug_abbrev  0x000103ff       0x72 app.o
 .debug_aranges
                0x00010471       0x20 app.o
 .debug_line    0x00010491       0x49 app.o
 .debug_str     0x000104da       0x13 app.o
                                0x10d (size before relaxing)
 *fill*         0x000104ed        0x3 
 .debug_frame   0x000104f0       0x2c app.o
                0x0001151c                . = (. + 0x1000)
                0x0001151c                stack_top = .
LOAD UART0.o
LOAD app.o
LOAD startup.o
OUTPUT(learn-in-depth-lab2.elf elf32-littlearm)
