
Memory Configuration

Name             Origin             Length             Attributes
flash            0x08000000         0x00020000         xr
sram             0x20000000         0x00005000         xrw
*default*        0x00000000         0xffffffff

Linker script and memory map


.text           0x08000000      0x118
 *(.vectors*)
 .vectors       0x08000000       0x44 startup.o
 *(.text)
 .text          0x08000044       0xcc lesson3_lab2_part1.o
                0x08000044                clock_init
                0x08000094                main
 .text          0x08000110        0x8 startup.o
 *(.rodata)

.glue_7         0x08000118        0x0
 .glue_7        0x08000118        0x0 linker stubs

.glue_7t        0x08000118        0x0
 .glue_7t       0x08000118        0x0 linker stubs

.vfp11_veneer   0x08000118        0x0
 .vfp11_veneer  0x08000118        0x0 linker stubs

.v4_bx          0x08000118        0x0
 .v4_bx         0x08000118        0x0 linker stubs

.iplt           0x08000118        0x0
 .iplt          0x08000118        0x0 lesson3_lab2_part1.o

.rel.dyn        0x08000118        0x0
 .rel.iplt      0x08000118        0x0 lesson3_lab2_part1.o

.data           0x08000118        0x0
 *(.data)
 .data          0x08000118        0x0 lesson3_lab2_part1.o
 .data          0x08000118        0x0 startup.o

.igot.plt       0x08000118        0x0
 .igot.plt      0x08000118        0x0 lesson3_lab2_part1.o

.bss            0x20000000        0x0
 *(.bss)
 .bss           0x20000000        0x0 lesson3_lab2_part1.o
 .bss           0x20000000        0x0 startup.o
LOAD lesson3_lab2_part1.o
LOAD startup.o
OUTPUT(lesson3_lab2_part1.elf elf32-littlearm)

.debug_info     0x00000000       0xd0
 .debug_info    0x00000000       0xaa lesson3_lab2_part1.o
 .debug_info    0x000000aa       0x26 startup.o

.debug_abbrev   0x00000000       0x8e
 .debug_abbrev  0x00000000       0x7a lesson3_lab2_part1.o
 .debug_abbrev  0x0000007a       0x14 startup.o

.debug_loc      0x00000000       0x7c
 .debug_loc     0x00000000       0x7c lesson3_lab2_part1.o

.debug_aranges  0x00000000       0x40
 .debug_aranges
                0x00000000       0x20 lesson3_lab2_part1.o
 .debug_aranges
                0x00000020       0x20 startup.o

.debug_line     0x00000000       0xbb
 .debug_line    0x00000000       0x80 lesson3_lab2_part1.o
 .debug_line    0x00000080       0x3b startup.o

.debug_str      0x00000000      0x139
 .debug_str     0x00000000      0x120 lesson3_lab2_part1.o
                                0x139 (size before relaxing)
 .debug_str     0x00000120       0x19 startup.o
                                 0x6a (size before relaxing)

.comment        0x00000000       0x7e
 .comment       0x00000000       0x7e lesson3_lab2_part1.o
                                 0x7f (size before relaxing)

.ARM.attributes
                0x00000000       0x31
 .ARM.attributes
                0x00000000       0x33 lesson3_lab2_part1.o
 .ARM.attributes
                0x00000033       0x21 startup.o

.debug_frame    0x00000000       0x50
 .debug_frame   0x00000000       0x50 lesson3_lab2_part1.o
